
> saas@0.0.0 build
> tsc -b && vite build

src/components/Modals/RomaneioEmbarqueModal.tsx(625,10): error TS17008: JSX element 'div' has no corresponding closing tag.
src/components/Modals/RomaneioEmbarqueModal.tsx(1357,14): error TS1381: Unexpected token. Did you mean `{'}'}` or `&rbrace;`?
src/components/Modals/RomaneioEmbarqueModal.tsx(1697,9): error TS1005: ')' expected.
